curr: 50, peak: 50
curr: 100, peak: 100
curr: 150, peak: 150
curr: 200, peak: 200
curr: 250, peak: 250
curr: 300, peak: 300
curr: 350, peak: 350
curr: 400, peak: 400
curr: 450, peak: 450
curr: 500, peak: 500
curr: 500, peak: 500
curr: 500, peak: 500
curr: 500, peak: 500
curr: 500, peak: 500
curr: 500, peak: 500
curr: 500, peak: 500
curr: 500, peak: 500
curr: 500, peak: 500
curr: 500, peak: 500
curr: 500, peak: 500
curr: 500, peak: 500
curr: 500, peak: 500
curr: 475, peak: 500
curr: 437, peak: 500
curr: 393, peak: 500
curr: 346, peak: 500
curr: 298, peak: 500
curr: 249, peak: 500
curr: 199, peak: 500
curr: 149, peak: 500
curr: 99, peak: 500
