curr: 23, peak: 23
curr: 46, peak: 46
curr: 69, peak: 69
curr: 92, peak: 92
curr: 115, peak: 115
curr: 138, peak: 138
curr: 161, peak: 161
curr: 184, peak: 184
curr: 207, peak: 207
curr: 230, peak: 230
curr: 230, peak: 230
curr: 230, peak: 230
curr: 230, peak: 230
curr: 230, peak: 230
curr: 230, peak: 230
curr: 230, peak: 230
curr: 230, peak: 230
curr: 230, peak: 230
curr: 230, peak: 230
curr: 230, peak: 230
curr: 230, peak: 230
curr: 230, peak: 230
curr: 218, peak: 230
curr: 201, peak: 230
curr: 181, peak: 230
curr: 159, peak: 230
curr: 137, peak: 230
curr: 114, peak: 230
curr: 91, peak: 230
curr: 68, peak: 230
curr: 45, peak: 230
