curr: 100, peak: 100
curr: 200, peak: 200
curr: 300, peak: 300
curr: 400, peak: 400
curr: 500, peak: 500
curr: 600, peak: 600
curr: 700, peak: 700
curr: 800, peak: 800
curr: 900, peak: 900
curr: 1000, peak: 1000
curr: 1000, peak: 1000
curr: 1000, peak: 1000
curr: 1000, peak: 1000
curr: 1000, peak: 1000
curr: 1000, peak: 1000
curr: 1000, peak: 1000
curr: 1000, peak: 1000
curr: 1000, peak: 1000
curr: 1000, peak: 1000
curr: 1000, peak: 1000
curr: 1000, peak: 1000
curr: 1000, peak: 1000
curr: 950, peak: 1000
curr: 875, peak: 1000
curr: 787, peak: 1000
curr: 693, peak: 1000
curr: 596, peak: 1000
curr: 498, peak: 1000
curr: 399, peak: 1000
curr: 299, peak: 1000
curr: 199, peak: 1000
