curr: 69, peak: 69
curr: 138, peak: 138
curr: 207, peak: 207
curr: 276, peak: 276
curr: 345, peak: 345
curr: 414, peak: 414
curr: 483, peak: 483
curr: 552, peak: 552
curr: 621, peak: 621
curr: 690, peak: 690
curr: 690, peak: 690
curr: 690, peak: 690
curr: 690, peak: 690
curr: 690, peak: 690
curr: 690, peak: 690
curr: 690, peak: 690
curr: 690, peak: 690
curr: 690, peak: 690
curr: 690, peak: 690
curr: 690, peak: 690
curr: 690, peak: 690
curr: 690, peak: 690
curr: 655, peak: 690
curr: 603, peak: 690
curr: 543, peak: 690
curr: 478, peak: 690
curr: 411, peak: 690
curr: 343, peak: 690
curr: 275, peak: 690
curr: 206, peak: 690
curr: 137, peak: 690
