curr: 42, peak: 42
curr: 84, peak: 84
curr: 126, peak: 126
curr: 168, peak: 168
curr: 210, peak: 210
curr: 252, peak: 252
curr: 294, peak: 294
curr: 336, peak: 336
curr: 378, peak: 378
curr: 420, peak: 420
curr: 420, peak: 420
curr: 420, peak: 420
curr: 420, peak: 420
curr: 420, peak: 420
curr: 420, peak: 420
curr: 420, peak: 420
curr: 420, peak: 420
curr: 420, peak: 420
curr: 420, peak: 420
curr: 420, peak: 420
curr: 420, peak: 420
curr: 420, peak: 420
curr: 399, peak: 420
curr: 367, peak: 420
curr: 330, peak: 420
curr: 291, peak: 420
curr: 250, peak: 420
curr: 209, peak: 420
curr: 167, peak: 420
curr: 125, peak: 420
curr: 83, peak: 420
