curr: 20, peak: 20
curr: 40, peak: 40
curr: 60, peak: 60
curr: 80, peak: 80
curr: 100, peak: 100
curr: 120, peak: 120
curr: 140, peak: 140
curr: 160, peak: 160
curr: 180, peak: 180
curr: 200, peak: 200
curr: 200, peak: 200
curr: 200, peak: 200
curr: 200, peak: 200
curr: 200, peak: 200
curr: 200, peak: 200
curr: 200, peak: 200
curr: 200, peak: 200
curr: 200, peak: 200
curr: 200, peak: 200
curr: 200, peak: 200
curr: 200, peak: 200
curr: 200, peak: 200
curr: 190, peak: 200
curr: 175, peak: 200
curr: 157, peak: 200
curr: 138, peak: 200
curr: 119, peak: 200
curr: 99, peak: 200
curr: 79, peak: 200
curr: 59, peak: 200
curr: 39, peak: 200
